>>> from 4-print_square import print_square

# Test carré 4x4
>>> print_square(4)
####
####
####
####

# Test carré 10x10
>>> print_square(10)
##########
##########
##########
##########
##########
##########
##########
##########
##########
##########

# Test carré 0 (ne doit rien afficher)
>>> print_square(0)

# Test carré 1x1
>>> print_square(1)
#

# Test avec size négatif (doit lever ValueError)
>>> try:
...     print_square(-1)
... except ValueError as e:
...     print(e)
size must be >= 0

# Test avec size non entier (float)
>>> try:
...     print_square(4.5)
... except TypeError as e:
...     print(e)
size must be an integer

# Test avec size non entier (string)
>>> try:
...     print_square("4")
... except TypeError as e:
...     print(e)
size must be an integer
